Archive member included to satisfy reference by file (symbol)

d:/ac6/systemworkbench/plugins/fr.ac6.mcu.externaltools.arm-none.win32_1.15.0.201708311556/tools/compiler/bin/../lib/gcc/arm-none-eabi/6.3.1/thumb/v7e-m/fpv4-sp/hard\libgcc.a(_aeabi_uldivmod.o)
                              Drivers/STM32F4xx_HAL_Driver/stm32f4xx_hal_rcc.o (__aeabi_uldivmod)
d:/ac6/systemworkbench/plugins/fr.ac6.mcu.externaltools.arm-none.win32_1.15.0.201708311556/tools/compiler/bin/../lib/gcc/arm-none-eabi/6.3.1/thumb/v7e-m/fpv4-sp/hard\libgcc.a(_udivmoddi4.o)
                              d:/ac6/systemworkbench/plugins/fr.ac6.mcu.externaltools.arm-none.win32_1.15.0.201708311556/tools/compiler/bin/../lib/gcc/arm-none-eabi/6.3.1/thumb/v7e-m/fpv4-sp/hard\libgcc.a(_aeabi_uldivmod.o) (__udivmoddi4)
d:/ac6/systemworkbench/plugins/fr.ac6.mcu.externaltools.arm-none.win32_1.15.0.201708311556/tools/compiler/bin/../lib/gcc/arm-none-eabi/6.3.1/thumb/v7e-m/fpv4-sp/hard\libgcc.a(_dvmd_tls.o)
                              d:/ac6/systemworkbench/plugins/fr.ac6.mcu.externaltools.arm-none.win32_1.15.0.201708311556/tools/compiler/bin/../lib/gcc/arm-none-eabi/6.3.1/thumb/v7e-m/fpv4-sp/hard\libgcc.a(_aeabi_uldivmod.o) (__aeabi_ldiv0)
d:/ac6/systemworkbench/plugins/fr.ac6.mcu.externaltools.arm-none.win32_1.15.0.201708311556/tools/compiler/bin/../lib/gcc/arm-none-eabi/6.3.1/../../../../arm-none-eabi/lib/thumb/v7e-m/fpv4-sp/hard\libc_nano.a(lib_a-exit.o)
                              d:/ac6/systemworkbench/plugins/fr.ac6.mcu.externaltools.arm-none.win32_1.15.0.201708311556/tools/compiler/bin/../lib/gcc/arm-none-eabi/6.3.1/../../../../arm-none-eabi/lib/thumb/v7e-m/fpv4-sp/hard/crt0.o (exit)
d:/ac6/systemworkbench/plugins/fr.ac6.mcu.externaltools.arm-none.win32_1.15.0.201708311556/tools/compiler/bin/../lib/gcc/arm-none-eabi/6.3.1/../../../../arm-none-eabi/lib/thumb/v7e-m/fpv4-sp/hard\libc_nano.a(lib_a-impure.o)
                              d:/ac6/systemworkbench/plugins/fr.ac6.mcu.externaltools.arm-none.win32_1.15.0.201708311556/tools/compiler/bin/../lib/gcc/arm-none-eabi/6.3.1/../../../../arm-none-eabi/lib/thumb/v7e-m/fpv4-sp/hard\libc_nano.a(lib_a-exit.o) (_global_impure_ptr)
d:/ac6/systemworkbench/plugins/fr.ac6.mcu.externaltools.arm-none.win32_1.15.0.201708311556/tools/compiler/bin/../lib/gcc/arm-none-eabi/6.3.1/../../../../arm-none-eabi/lib/thumb/v7e-m/fpv4-sp/hard\libc_nano.a(lib_a-init.o)
                              d:/ac6/systemworkbench/plugins/fr.ac6.mcu.externaltools.arm-none.win32_1.15.0.201708311556/tools/compiler/bin/../lib/gcc/arm-none-eabi/6.3.1/../../../../arm-none-eabi/lib/thumb/v7e-m/fpv4-sp/hard/crt0.o (__libc_init_array)
d:/ac6/systemworkbench/plugins/fr.ac6.mcu.externaltools.arm-none.win32_1.15.0.201708311556/tools/compiler/bin/../lib/gcc/arm-none-eabi/6.3.1/../../../../arm-none-eabi/lib/thumb/v7e-m/fpv4-sp/hard\libc_nano.a(lib_a-memset.o)
                              d:/ac6/systemworkbench/plugins/fr.ac6.mcu.externaltools.arm-none.win32_1.15.0.201708311556/tools/compiler/bin/../lib/gcc/arm-none-eabi/6.3.1/../../../../arm-none-eabi/lib/thumb/v7e-m/fpv4-sp/hard/crt0.o (memset)
d:/ac6/systemworkbench/plugins/fr.ac6.mcu.externaltools.arm-none.win32_1.15.0.201708311556/tools/compiler/bin/../lib/gcc/arm-none-eabi/6.3.1/../../../../arm-none-eabi/lib/thumb/v7e-m/fpv4-sp/hard\libnosys.a(_exit.o)
                              d:/ac6/systemworkbench/plugins/fr.ac6.mcu.externaltools.arm-none.win32_1.15.0.201708311556/tools/compiler/bin/../lib/gcc/arm-none-eabi/6.3.1/../../../../arm-none-eabi/lib/thumb/v7e-m/fpv4-sp/hard\libc_nano.a(lib_a-exit.o) (_exit)

Allocating common symbols
Common symbol       size              file

htim10              0x3c              Application/User/main.o
uwTick              0x4               Drivers/STM32F4xx_HAL_Driver/stm32f4xx_hal.o
pFlash              0x20              Drivers/STM32F4xx_HAL_Driver/stm32f4xx_hal_flash.o
hrng                0xc               Application/User/main.o
hspi1               0x58              Application/User/main.o

Discarded input sections

 .text          0x00000000        0x0 d:/ac6/systemworkbench/plugins/fr.ac6.mcu.externaltools.arm-none.win32_1.15.0.201708311556/tools/compiler/bin/../lib/gcc/arm-none-eabi/6.3.1/thumb/v7e-m/fpv4-sp/hard/crti.o
 .data          0x00000000        0x0 d:/ac6/systemworkbench/plugins/fr.ac6.mcu.externaltools.arm-none.win32_1.15.0.201708311556/tools/compiler/bin/../lib/gcc/arm-none-eabi/6.3.1/thumb/v7e-m/fpv4-sp/hard/crti.o
 .bss           0x00000000        0x0 d:/ac6/systemworkbench/plugins/fr.ac6.mcu.externaltools.arm-none.win32_1.15.0.201708311556/tools/compiler/bin/../lib/gcc/arm-none-eabi/6.3.1/thumb/v7e-m/fpv4-sp/hard/crti.o
 .data          0x00000000        0x4 d:/ac6/systemworkbench/plugins/fr.ac6.mcu.externaltools.arm-none.win32_1.15.0.201708311556/tools/compiler/bin/../lib/gcc/arm-none-eabi/6.3.1/thumb/v7e-m/fpv4-sp/hard/crtbegin.o
[...]
Memory Configuration

Name             Origin             Length             Attributes
RAM              0x20000000         0x00020000         xrw
CCMRAM           0x10000000         0x00010000         rw
FLASH            0x08000000         0x00100000         xr
*default*        0x00000000         0xffffffff

Linker script and memory map

LOAD d:/ac6/systemworkbench/plugins/fr.ac6.mcu.externaltools.arm-none.win32_1.15.0.201708311556/tools/compiler/bin/../lib/gcc/arm-none-eabi/6.3.1/thumb/v7e-m/fpv4-sp/hard/crti.o
LOAD d:/ac6/systemworkbench/plugins/fr.ac6.mcu.externaltools.arm-none.win32_1.15.0.201708311556/tools/compiler/bin/../lib/gcc/arm-none-eabi/6.3.1/thumb/v7e-m/fpv4-sp/hard/crtbegin.o
LOAD d:/ac6/systemworkbench/plugins/fr.ac6.mcu.externaltools.arm-none.win32_1.15.0.201708311556/tools/compiler/bin/../lib/gcc/arm-none-eabi/6.3.1/../../../../arm-none-eabi/lib/thumb/v7e-m/fpv4-sp/hard/crt0.o
LOAD Application/SW4STM32/startup_stm32f407xx.o
LOAD Application/User/Game.o
LOAD Application/User/MAX7219.o
LOAD Application/User/MAX7219_MatrixDisplay.o
LOAD Application/User/Player.o
LOAD Application/User/main.o
LOAD Application/User/stm32f4xx_hal_msp.o
LOAD Application/User/stm32f4xx_it.o
LOAD Drivers/CMSIS/system_stm32f4xx.o
LOAD Drivers/STM32F4xx_HAL_Driver/stm32f4xx_hal.o
LOAD Drivers/STM32F4xx_HAL_Driver/stm32f4xx_hal_cortex.o
LOAD Drivers/STM32F4xx_HAL_Driver/stm32f4xx_hal_dma.o
LOAD Drivers/STM32F4xx_HAL_Driver/stm32f4xx_hal_dma_ex.o
LOAD Drivers/STM32F4xx_HAL_Driver/stm32f4xx_hal_flash.o
LOAD Drivers/STM32F4xx_HAL_Driver/stm32f4xx_hal_flash_ex.o
LOAD Drivers/STM32F4xx_HAL_Driver/stm32f4xx_hal_flash_ramfunc.o
LOAD Drivers/STM32F4xx_HAL_Driver/stm32f4xx_hal_gpio.o
LOAD Drivers/STM32F4xx_HAL_Driver/stm32f4xx_hal_pwr.o
LOAD Drivers/STM32F4xx_HAL_Driver/stm32f4xx_hal_pwr_ex.o
LOAD Drivers/STM32F4xx_HAL_Driver/stm32f4xx_hal_rcc.o
LOAD Drivers/STM32F4xx_HAL_Driver/stm32f4xx_hal_rcc_ex.o
LOAD Drivers/STM32F4xx_HAL_Driver/stm32f4xx_hal_rng.o
LOAD Drivers/STM32F4xx_HAL_Driver/stm32f4xx_hal_spi.o
LOAD Drivers/STM32F4xx_HAL_Driver/stm32f4xx_hal_tim.o
LOAD Drivers/STM32F4xx_HAL_Driver/stm32f4xx_hal_tim_ex.o
LOAD d:/ac6/systemworkbench/plugins/fr.ac6.mcu.externaltools.arm-none.win32_1.15.0.201708311556/tools/compiler/bin/../lib/gcc/arm-none-eabi/6.3.1/../../../../arm-none-eabi/lib/thumb/v7e-m/fpv4-sp/hard\libstdc++_nano.a
LOAD d:/ac6/systemworkbench/plugins/fr.ac6.mcu.externaltools.arm-none.win32_1.15.0.201708311556/tools/compiler/bin/../lib/gcc/arm-none-eabi/6.3.1/../../../../arm-none-eabi/lib/thumb/v7e-m/fpv4-sp/hard\libm.a
START GROUP
LOAD d:/ac6/systemworkbench/plugins/fr.ac6.mcu.externaltools.arm-none.win32_1.15.0.201708311556/tools/compiler/bin/../lib/gcc/arm-none-eabi/6.3.1/thumb/v7e-m/fpv4-sp/hard\libgcc.a
LOAD d:/ac6/systemworkbench/plugins/fr.ac6.mcu.externaltools.arm-none.win32_1.15.0.201708311556/tools/compiler/bin/../lib/gcc/arm-none-eabi/6.3.1/../../../../arm-none-eabi/lib/thumb/v7e-m/fpv4-sp/hard\libc_nano.a
END GROUP
START GROUP
LOAD d:/ac6/systemworkbench/plugins/fr.ac6.mcu.externaltools.arm-none.win32_1.15.0.201708311556/tools/compiler/bin/../lib/gcc/arm-none-eabi/6.3.1/thumb/v7e-m/fpv4-sp/hard\libgcc.a
LOAD d:/ac6/systemworkbench/plugins/fr.ac6.mcu.externaltools.arm-none.win32_1.15.0.201708311556/tools/compiler/bin/../lib/gcc/arm-none-eabi/6.3.1/../../../../arm-none-eabi/lib/thumb/v7e-m/fpv4-sp/hard\libc_nano.a
LOAD d:/ac6/systemworkbench/plugins/fr.ac6.mcu.externaltools.arm-none.win32_1.15.0.201708311556/tools/compiler/bin/../lib/gcc/arm-none-eabi/6.3.1/../../../../arm-none-eabi/lib/thumb/v7e-m/fpv4-sp/hard\libnosys.a
END GROUP
START GROUP
LOAD d:/ac6/systemworkbench/plugins/fr.ac6.mcu.externaltools.arm-none.win32_1.15.0.201708311556/tools/compiler/bin/../lib/gcc/arm-none-eabi/6.3.1/thumb/v7e-m/fpv4-sp/hard\libgcc.a
LOAD d:/ac6/systemworkbench/plugins/fr.ac6.mcu.externaltools.arm-none.win32_1.15.0.201708311556/tools/compiler/bin/../lib/gcc/arm-none-eabi/6.3.1/../../../../arm-none-eabi/lib/thumb/v7e-m/fpv4-sp/hard\libc_nano.a
LOAD d:/ac6/systemworkbench/plugins/fr.ac6.mcu.externaltools.arm-none.win32_1.15.0.201708311556/tools/compiler/bin/../lib/gcc/arm-none-eabi/6.3.1/../../../../arm-none-eabi/lib/thumb/v7e-m/fpv4-sp/hard\libnosys.a
END GROUP
LOAD d:/ac6/systemworkbench/plugins/fr.ac6.mcu.externaltools.arm-none.win32_1.15.0.201708311556/tools/compiler/bin/../lib/gcc/arm-none-eabi/6.3.1/thumb/v7e-m/fpv4-sp/hard/crtend.o
LOAD d:/ac6/systemworkbench/plugins/fr.ac6.mcu.externaltools.arm-none.win32_1.15.0.201708311556/tools/compiler/bin/../lib/gcc/arm-none-eabi/6.3.1/thumb/v7e-m/fpv4-sp/hard/crtn.o
                0x20020000                _estack = 0x20020000
                0x00000200                _Min_Heap_Size = 0x200
                0x00000400                _Min_Stack_Size = 0x400

.isr_vector     0x08000000      0x188
                0x08000000                . = ALIGN (0x4)
 *(.isr_vector)
 .isr_vector    0x08000000      0x188 Application/SW4STM32/startup_stm32f407xx.o
                0x08000000                g_pfnVectors
                0x08000188                . = ALIGN (0x4)

.text           0x08000188     0x271c
                0x08000188                . = ALIGN (0x4)
 *(.text)
 .text          0x08000188       0x6c d:/ac6/systemworkbench/plugins/fr.ac6.mcu.externaltools.arm-none.win32_1.15.0.201708311556/tools/compiler/bin/../lib/gcc/arm-none-eabi/6.3.1/thumb/v7e-m/fpv4-sp/hard/crtbegin.o
 .text          0x080001f4       0x30 d:/ac6/systemworkbench/plugins/fr.ac6.mcu.externaltools.arm-none.win32_1.15.0.201708311556/tools/compiler/bin/../lib/gcc/arm-none-eabi/6.3.1/thumb/v7e-m/fpv4-sp/hard\libgcc.a(_aeabi_uldivmod.o)
                0x080001f4                __aeabi_uldivmod
 .text          0x08000224      0x2dc d:/ac6/systemworkbench/plugins/fr.ac6.mcu.externaltools.arm-none.win32_1.15.0.201708311556/tools/compiler/bin/../lib/gcc/arm-none-eabi/6.3.1/thumb/v7e-m/fpv4-sp/hard\libgcc.a(_udivmoddi4.o)
                0x08000224                __udivmoddi4
 .text          0x08000500        0x4 d:/ac6/systemworkbench/plugins/fr.ac6.mcu.externaltools.arm-none.win32_1.15.0.201708311556/tools/compiler/bin/../lib/gcc/arm-none-eabi/6.3.1/thumb/v7e-m/fpv4-sp/hard\libgcc.a(_dvmd_tls.o)
                0x08000500                __aeabi_idiv0
                0x08000500                __aeabi_ldiv0
 *(.text*)
 .text.Reset_Handler
                0x08000504       0x50 Application/SW4STM32/startup_stm32f407xx.o
                0x08000504                Reset_Handler
 .text.Default_Handler
                0x08000554        0x2 Application/SW4STM32/startup_stm32f407xx.o
                0x08000554                RTC_Alarm_IRQHandler
                0x08000554                HASH_RNG_IRQHandler
                0x08000554                EXTI2_IRQHandler
                0x08000554                TIM8_CC_IRQHandler
                0x08000554                DebugMon_Handler
                0x08000554                TIM1_CC_IRQHandler
                0x08000554                DMA2_Stream5_IRQHandler
                0x08000554                HardFault_Handler
                0x08000554                DMA1_Stream5_IRQHandler
                0x08000554                PVD_IRQHandler
                0x08000554                SDIO_IRQHandler
                0x08000554                TAMP_STAMP_IRQHandler
                0x08000554                PendSV_Handler
                0x08000554                NMI_Handler
                0x08000554                CAN2_RX1_IRQHandler
                0x08000554                EXTI3_IRQHandler
                0x08000554                TIM8_TRG_COM_TIM14_IRQHandler
                0x08000554                TIM8_UP_TIM13_IRQHandler
                0x08000554                I2C3_ER_IRQHandler
                0x08000554                I2C2_EV_IRQHandler
                0x08000554                DMA1_Stream2_IRQHandler
                0x08000554                CAN1_RX0_IRQHandler
                0x08000554                FPU_IRQHandler
                0x08000554                OTG_HS_WKUP_IRQHandler
                0x08000554                UsageFault_Handler
                0x08000554                CAN2_SCE_IRQHandler
                0x08000554                DMA2_Stream2_IRQHandler
                0x08000554                SPI1_IRQHandler
                0x08000554                TIM6_DAC_IRQHandler
                0x08000554                TIM1_BRK_TIM9_IRQHandler
                0x08000554                DCMI_IRQHandler
                0x08000554                CAN2_RX0_IRQHandler
                0x08000554                DMA2_Stream3_IRQHandler
                0x08000554                USART6_IRQHandler
                0x08000554                USART3_IRQHandler
                0x08000554                CAN1_RX1_IRQHandler
                0x08000554                UART5_IRQHandler
                0x08000554                DMA2_Stream0_IRQHandler
                0x08000554                TIM4_IRQHandler
                0x08000554                I2C1_EV_IRQHandler
                0x08000554                DMA1_Stream6_IRQHandler
                0x08000554                DMA1_Stream1_IRQHandler
                0x08000554                UART4_IRQHandler
                0x08000554                TIM3_IRQHandler
                0x08000554                RCC_IRQHandler
                0x08000554                TIM8_BRK_TIM12_IRQHandler
                0x08000554                Default_Handler
                0x08000554                ADC_IRQHandler
                0x08000554                DMA1_Stream7_IRQHandler
                0x08000554                TIM7_IRQHandler
                0x08000554                CAN2_TX_IRQHandler
                0x08000554                TIM5_IRQHandler
                0x08000554                DMA2_Stream7_IRQHandler
                0x08000554                I2C3_EV_IRQHandler
                0x08000554                EXTI9_5_IRQHandler
                0x08000554                RTC_WKUP_IRQHandler
                0x08000554                ETH_WKUP_IRQHandler
                0x08000554                SPI2_IRQHandler
                0x08000554                OTG_HS_EP1_IN_IRQHandler
                0x08000554                MemManage_Handler
                0x08000554                DMA1_Stream0_IRQHandler
                0x08000554                CAN1_TX_IRQHandler
                0x08000554                SVC_Handler
                0x08000554                EXTI4_IRQHandler
                0x08000554                FSMC_IRQHandler
                0x08000554                ETH_IRQHandler
                0x08000554                OTG_HS_EP1_OUT_IRQHandler
                0x08000554                WWDG_IRQHandler
                0x08000554                TIM2_IRQHandler
                0x08000554                OTG_FS_WKUP_IRQHandler
                0x08000554                TIM1_TRG_COM_TIM11_IRQHandler
                0x08000554                OTG_HS_IRQHandler
                0x08000554                EXTI1_IRQHandler
                0x08000554                USART2_IRQHandler
                0x08000554                I2C2_ER_IRQHandler
                0x08000554                DMA2_Stream1_IRQHandler
                0x08000554                CAN1_SCE_IRQHandler
                0x08000554                FLASH_IRQHandler
                0x08000554                DMA2_Stream4_IRQHandler
                0x08000554                BusFault_Handler
                0x08000554                USART1_IRQHandler
                0x08000554                OTG_FS_IRQHandler
                0x08000554                SPI3_IRQHandler
                0x08000554                DMA1_Stream4_IRQHandler
                0x08000554                I2C1_ER_IRQHandler
                0x08000554                DMA2_Stream6_IRQHandler
                0x08000554                DMA1_Stream3_IRQHandler
 *fill*         0x08000556        0x2 
 .text._Z41__static_initialization_and_destruction_0ii
                0x08000558       0x34 Application/User/Game.o
 .text.HAL_GPIO_EXTI_Callback
                0x0800058c       0xd0 Application/User/Game.o
                0x0800058c                HAL_GPIO_EXTI_Callback
 .text.HAL_TIM_PeriodElapsedCallback
                0x0800065c       0x20 Application/User/Game.o
                0x0800065c                HAL_TIM_PeriodElapsedCallback
 .text._ZN7MAX721911sendPacketsILj2EEEvRKSt5arrayItXT_EE
                0x0800067c       0x30 Application/User/Game.o
                0x0800067c                void MAX7219::sendPackets<2u>(std::array<unsigned short, 2u> const&)
 .text.GameLoop
                0x080006ac       0xcc Application/User/Game.o
                0x080006ac                GameLoop
 .text._GLOBAL__sub_I_max
                0x08000778        0xe Application/User/Game.o
 *fill*         0x08000786        0x2 
 .text._Z10TM_RNG_Getv
                0x08000788       0x18 Application/User/Player.o
                0x08000788                TM_RNG_Get()
 .text._ZN6Player10setTopLeftEii
                0x080007a0        0x6 Application/User/Player.o
                0x080007a0                Player::setTopLeft(int, int)
 *fill*         0x080007a6        0x2 
 .text._ZN6Player5ClearER21MAX7219_MatrixDisplay
                0x080007a8       0xa0 Application/User/Player.o
                0x080007a8                Player::Clear(MAX7219_MatrixDisplay&)
 .text._ZN6Player8DiagonalER21MAX7219_MatrixDisplay
                0x08000848       0xe4 Application/User/Player.o
                0x08000848                Player::Diagonal(MAX7219_MatrixDisplay&)
 .text._ZN6Player13displayPlayerER21MAX7219_MatrixDisplay
                0x0800092c       0xc4 Application/User/Player.o
                0x0800092c                Player::displayPlayer(MAX7219_MatrixDisplay&)
 .text._ZN6Player11clearPlayerER21MAX7219_MatrixDisplay
                0x080009f0       0xc8 Application/User/Player.o
                0x080009f0                Player::clearPlayer(MAX7219_MatrixDisplay&)
 .text._ZN6Player12shapeToBlockEPA3_b
                0x08000ab8       0x26 Application/User/Player.o
                0x08000ab8                Player::shapeToBlock(bool (*) [3])
 .text._ZN6Player13allowRotationER21MAX7219_MatrixDisplayPA3_b
                0x08000ade       0x82 Application/User/Player.o
                0x08000ade                Player::allowRotation(MAX7219_MatrixDisplay&, bool (*) [3])
 .text._ZN6Player6rotateER21MAX7219_MatrixDisplay
                0x08000b60      0x2f8 Application/User/Player.o
                0x08000b60                Player::rotate(MAX7219_MatrixDisplay&)
 .text._ZN6Player9shiftDownER21MAX7219_MatrixDisplayi
                0x08000e58       0xd8 Application/User/Player.o
                0x08000e58                Player::shiftDown(MAX7219_MatrixDisplay&, int)
 .text._ZN6Player10clearLinesER21MAX7219_MatrixDisplay
                0x08000f30       0x8a Application/User/Player.o
                0x08000f30                Player::clearLines(MAX7219_MatrixDisplay&)
 .text._ZN6Player13checkColisionER21MAX7219_MatrixDisplayPi
                0x08000fba       0x80 Application/User/Player.o
                0x08000fba                Player::checkColision(MAX7219_MatrixDisplay&, int*)
 .text._ZN6Player10spawnBlockER21MAX7219_MatrixDisplayi
                0x0800103a       0x40 Application/User/Player.o
                0x0800103a                Player::spawnBlock(MAX7219_MatrixDisplay&, int)
 .text._ZN6Player9moveRightER21MAX7219_MatrixDisplay
                0x0800107a       0x50 Application/User/Player.o
                0x0800107a                Player::moveRight(MAX7219_MatrixDisplay&)
 .text._ZN6Player8moveLeftER21MAX7219_MatrixDisplay
                0x080010ca       0x50 Application/User/Player.o
                0x080010ca                Player::moveLeft(MAX7219_MatrixDisplay&)
 *fill*         0x0800111a        0x2 
 .text._ZN6Player16spawnRandomBlockER21MAX7219_MatrixDisplay
                0x0800111c      0x2ec Application/User/Player.o
                0x0800111c                Player::spawnRandomBlock(MAX7219_MatrixDisplay&)
 .text._ZN6Player8moveDownER21MAX7219_MatrixDisplay
                0x08001408       0x60 Application/User/Player.o
                0x08001408                Player::moveDown(MAX7219_MatrixDisplay&)
 .text.MX_GPIO_Init
                0x08001468      0x114 Application/User/main.o
 .text._Error_Handler
                0x0800157c        0x2 Application/User/main.o
                0x0800157c                _Error_Handler
 *fill*         0x0800157e        0x2 
 .text.MX_SPI1_Init
                0x08001580       0x4c Application/User/main.o
 .text.MX_RNG_Init
                0x080015cc       0x24 Application/User/main.o
 .text.MX_TIM10_Init
                0x080015f0       0x38 Application/User/main.o
 .text.SystemClock_Config
                0x08001628       0xc8 Application/User/main.o
                0x08001628                SystemClock_Config
 .text.main     0x080016f0       0x2c Application/User/main.o
                0x080016f0                main
 .text.HAL_MspInit
                0x0800171c       0x5e Application/User/stm32f4xx_hal_msp.o
                0x0800171c                HAL_MspInit
 *fill*         0x0800177a        0x2 
 .text.HAL_RNG_MspInit
                0x0800177c       0x30 Application/User/stm32f4xx_hal_msp.o
                0x0800177c                HAL_RNG_MspInit
 .text.HAL_SPI_MspInit
                0x080017ac       0x50 Application/User/stm32f4xx_hal_msp.o
                0x080017ac                HAL_SPI_MspInit
 .text.HAL_TIM_Base_MspInit
                0x080017fc       0x40 Application/User/stm32f4xx_hal_msp.o
                0x080017fc                HAL_TIM_Base_MspInit
 .text.SysTick_Handler
                0x0800183c        0xc Application/User/stm32f4xx_it.o
                0x0800183c                SysTick_Handler
 .text.EXTI0_IRQHandler
                0x08001848        0xa Application/User/stm32f4xx_it.o
                0x08001848                EXTI0_IRQHandler
 *fill*         0x08001852        0x2 
 .text.TIM1_UP_TIM10_IRQHandler
                0x08001854       0x10 Application/User/stm32f4xx_it.o
                0x08001854                TIM1_UP_TIM10_IRQHandler
 .text.EXTI15_10_IRQHandler
                0x08001864       0x24 Application/User/stm32f4xx_it.o
                0x08001864                EXTI15_10_IRQHandler
 .text.SystemInit
                0x08001888       0x4c Drivers/CMSIS/system_stm32f4xx.o
                0x08001888                SystemInit
 .text.HAL_InitTick
                0x080018d4       0x48 Drivers/STM32F4xx_HAL_Driver/stm32f4xx_hal.o
                0x080018d4                HAL_InitTick
 .text.HAL_Init
                0x0800191c       0x34 Drivers/STM32F4xx_HAL_Driver/stm32f4xx_hal.o
                0x0800191c                HAL_Init
 .text.HAL_IncTick
                0x08001950       0x18 Drivers/STM32F4xx_HAL_Driver/stm32f4xx_hal.o
                0x08001950                HAL_IncTick
 .text.HAL_GetTick
                0x08001968        0xc Drivers/STM32F4xx_HAL_Driver/stm32f4xx_hal.o
                0x08001968                HAL_GetTick
 .text.HAL_NVIC_SetPriorityGrouping
                0x08001974       0x24 Drivers/STM32F4xx_HAL_Driver/stm32f4xx_hal_cortex.o
                0x08001974                HAL_NVIC_SetPriorityGrouping
 .text.HAL_NVIC_SetPriority
                0x08001998       0x64 Drivers/STM32F4xx_HAL_Driver/stm32f4xx_hal_cortex.o
                0x08001998                HAL_NVIC_SetPriority
 .text.HAL_NVIC_EnableIRQ
                0x080019fc       0x18 Drivers/STM32F4xx_HAL_Driver/stm32f4xx_hal_cortex.o
                0x080019fc                HAL_NVIC_EnableIRQ
 .text.HAL_SYSTICK_Config
                0x08001a14       0x2c Drivers/STM32F4xx_HAL_Driver/stm32f4xx_hal_cortex.o
                0x08001a14                HAL_SYSTICK_Config
 .text.HAL_SYSTICK_CLKSourceConfig
                0x08001a40       0x20 Drivers/STM32F4xx_HAL_Driver/stm32f4xx_hal_cortex.o
                0x08001a40                HAL_SYSTICK_CLKSourceConfig
 .text.HAL_SYSTICK_Callback
                0x08001a60        0x2 Drivers/STM32F4xx_HAL_Driver/stm32f4xx_hal_cortex.o
                0x08001a60                HAL_SYSTICK_Callback
 .text.HAL_SYSTICK_IRQHandler
                0x08001a62        0x8 Drivers/STM32F4xx_HAL_Driver/stm32f4xx_hal_cortex.o
                0x08001a62                HAL_SYSTICK_IRQHandler
 *fill*         0x08001a6a        0x2 
 .text.HAL_GPIO_Init
                0x08001a6c      0x1cc Drivers/STM32F4xx_HAL_Driver/stm32f4xx_hal_gpio.o
                0x08001a6c                HAL_GPIO_Init
 .text.HAL_GPIO_ReadPin
                0x08001c38        0xe Drivers/STM32F4xx_HAL_Driver/stm32f4xx_hal_gpio.o
                0x08001c38                HAL_GPIO_ReadPin
 .text.HAL_GPIO_WritePin
                0x08001c46        0xc Drivers/STM32F4xx_HAL_Driver/stm32f4xx_hal_gpio.o
                0x08001c46                HAL_GPIO_WritePin
 *fill*         0x08001c52        0x2 
 .text.HAL_GPIO_EXTI_IRQHandler
                0x08001c54       0x1c Drivers/STM32F4xx_HAL_Driver/stm32f4xx_hal_gpio.o
                0x08001c54                HAL_GPIO_EXTI_IRQHandler
 .text.HAL_RCC_OscConfig
                0x08001c70      0x398 Drivers/STM32F4xx_HAL_Driver/stm32f4xx_hal_rcc.o
                0x08001c70                HAL_RCC_OscConfig
 .text.HAL_RCC_GetSysClockFreq
                0x08002008       0xd4 Drivers/STM32F4xx_HAL_Driver/stm32f4xx_hal_rcc.o
                0x08002008                HAL_RCC_GetSysClockFreq
 .text.HAL_RCC_ClockConfig
                0x080020dc      0x158 Drivers/STM32F4xx_HAL_Driver/stm32f4xx_hal_rcc.o
                0x080020dc                HAL_RCC_ClockConfig
 .text.HAL_RCC_GetHCLKFreq
                0x08002234        0xc Drivers/STM32F4xx_HAL_Driver/stm32f4xx_hal_rcc.o
                0x08002234                HAL_RCC_GetHCLKFreq
 .text.HAL_RNG_Init
                0x08002240       0x2c Drivers/STM32F4xx_HAL_Driver/stm32f4xx_hal_rng.o
                0x08002240                HAL_RNG_Init
 .text.SPI_WaitFlagStateUntilTimeout
                0x0800226c       0x96 Drivers/STM32F4xx_HAL_Driver/stm32f4xx_hal_spi.o
 .text.SPI_CheckFlag_BSY
                0x08002302       0x26 Drivers/STM32F4xx_HAL_Driver/stm32f4xx_hal_spi.o
 .text.HAL_SPI_Init
                0x08002328       0x80 Drivers/STM32F4xx_HAL_Driver/stm32f4xx_hal_spi.o
                0x08002328                HAL_SPI_Init
 .text.HAL_SPI_Transmit
                0x080023a8      0x1ac Drivers/STM32F4xx_HAL_Driver/stm32f4xx_hal_spi.o
                0x080023a8                HAL_SPI_Transmit
 .text.HAL_TIM_Base_Start_IT
                0x08002554       0x18 Drivers/STM32F4xx_HAL_Driver/stm32f4xx_hal_tim.o
                0x08002554                HAL_TIM_Base_Start_IT
 .text.HAL_TIM_OC_DelayElapsedCallback
                0x0800256c        0x2 Drivers/STM32F4xx_HAL_Driver/stm32f4xx_hal_tim.o
                0x0800256c                HAL_TIM_OC_DelayElapsedCallback
 .text.HAL_TIM_IC_CaptureCallback
                0x0800256e        0x2 Drivers/STM32F4xx_HAL_Driver/stm32f4xx_hal_tim.o
                0x0800256e                HAL_TIM_IC_CaptureCallback
 .text.HAL_TIM_PWM_PulseFinishedCallback
                0x08002570        0x2 Drivers/STM32F4xx_HAL_Driver/stm32f4xx_hal_tim.o
                0x08002570                HAL_TIM_PWM_PulseFinishedCallback
 .text.HAL_TIM_TriggerCallback
                0x08002572        0x2 Drivers/STM32F4xx_HAL_Driver/stm32f4xx_hal_tim.o
                0x08002572                HAL_TIM_TriggerCallback
 .text.HAL_TIM_IRQHandler
                0x08002574      0x17a Drivers/STM32F4xx_HAL_Driver/stm32f4xx_hal_tim.o
                0x08002574                HAL_TIM_IRQHandler
 *fill*         0x080026ee        0x2 
 .text.TIM_Base_SetConfig
                0x080026f0      0x11c Drivers/STM32F4xx_HAL_Driver/stm32f4xx_hal_tim.o
                0x080026f0                TIM_Base_SetConfig
 .text.HAL_TIM_Base_Init
                0x0800280c       0x32 Drivers/STM32F4xx_HAL_Driver/stm32f4xx_hal_tim.o
                0x0800280c                HAL_TIM_Base_Init
 .text.HAL_TIMEx_CommutationCallback
                0x0800283e        0x2 Drivers/STM32F4xx_HAL_Driver/stm32f4xx_hal_tim_ex.o
                0x0800283e                HAL_TIMEx_CommutationCallback
 .text.HAL_TIMEx_BreakCallback
                0x08002840        0x2 Drivers/STM32F4xx_HAL_Driver/stm32f4xx_hal_tim_ex.o
                0x08002840                HAL_TIMEx_BreakCallback
 *fill*         0x08002842        0x2 
 .text.__libc_init_array
                0x08002844       0x48 d:/ac6/systemworkbench/plugins/fr.ac6.mcu.externaltools.arm-none.win32_1.15.0.201708311556/tools/compiler/bin/../lib/gcc/arm-none-eabi/6.3.1/../../../../arm-none-eabi/lib/thumb/v7e-m/fpv4-sp/hard\libc_nano.a(lib_a-init.o)
                0x08002844                __libc_init_array
 *(.glue_7)
 .glue_7        0x0800288c        0x0 linker stubs
 *(.glue_7t)
 .glue_7t       0x0800288c        0x0 linker stubs
 *(.eh_frame)
 .eh_frame      0x0800288c        0x0 d:/ac6/systemworkbench/plugins/fr.ac6.mcu.externaltools.arm-none.win32_1.15.0.201708311556/tools/compiler/bin/../lib/gcc/arm-none-eabi/6.3.1/thumb/v7e-m/fpv4-sp/hard/crtbegin.o
 *(.init)
 .init          0x0800288c        0x4 d:/ac6/systemworkbench/plugins/fr.ac6.mcu.externaltools.arm-none.win32_1.15.0.201708311556/tools/compiler/bin/../lib/gcc/arm-none-eabi/6.3.1/thumb/v7e-m/fpv4-sp/hard/crti.o
                0x0800288c                _init
 .init          0x08002890        0x8 d:/ac6/systemworkbench/plugins/fr.ac6.mcu.externaltools.arm-none.win32_1.15.0.201708311556/tools/compiler/bin/../lib/gcc/arm-none-eabi/6.3.1/thumb/v7e-m/fpv4-sp/hard/crtn.o
 *(.fini)
 .fini          0x08002898        0x4 d:/ac6/systemworkbench/plugins/fr.ac6.mcu.externaltools.arm-none.win32_1.15.0.201708311556/tools/compiler/bin/../lib/gcc/arm-none-eabi/6.3.1/thumb/v7e-m/fpv4-sp/hard/crti.o
                0x08002898                _fini
 .fini          0x0800289c        0x8 d:/ac6/systemworkbench/plugins/fr.ac6.mcu.externaltools.arm-none.win32_1.15.0.201708311556/tools/compiler/bin/../lib/gcc/arm-none-eabi/6.3.1/thumb/v7e-m/fpv4-sp/hard/crtn.o
                0x080028a4                . = ALIGN (0x4)
                0x080028a4                _etext = .

.vfp11_veneer   0x080028a4        0x0
 .vfp11_veneer  0x080028a4        0x0 linker stubs

.v4_bx          0x080028a4        0x0
 .v4_bx         0x080028a4        0x0 linker stubs

.iplt           0x080028a4        0x0
 .iplt          0x080028a4        0x0 d:/ac6/systemworkbench/plugins/fr.ac6.mcu.externaltools.arm-none.win32_1.15.0.201708311556/tools/compiler/bin/../lib/gcc/arm-none-eabi/6.3.1/thumb/v7e-m/fpv4-sp/hard/crtbegin.o

.rodata         0x080028a4       0x3c
                0x080028a4                . = ALIGN (0x4)
 *(.rodata)
 .rodata        0x080028a4       0x18 Drivers/CMSIS/system_stm32f4xx.o
                0x080028a4                AHBPrescTable
                0x080028b4                APBPrescTable
 *(.rodata*)
 .rodata.str1.4
                0x080028bc       0x24 Application/User/main.o
                                 0x21 (size before relaxing)
                0x080028e0                . = ALIGN (0x4)

.ARM.extab
 *(.ARM.extab* .gnu.linkonce.armextab.*)

.ARM            0x080028e0        0x8
                0x080028e0                __exidx_start = .
 *(.ARM.exidx*)
 .ARM.exidx     0x080028e0        0x8 d:/ac6/systemworkbench/plugins/fr.ac6.mcu.externaltools.arm-none.win32_1.15.0.201708311556/tools/compiler/bin/../lib/gcc/arm-none-eabi/6.3.1/thumb/v7e-m/fpv4-sp/hard\libgcc.a(_udivmoddi4.o)
                0x080028e8                __exidx_end = .

.rel.dyn        0x080028e8        0x0
 .rel.iplt      0x080028e8        0x0 d:/ac6/systemworkbench/plugins/fr.ac6.mcu.externaltools.arm-none.win32_1.15.0.201708311556/tools/compiler/bin/../lib/gcc/arm-none-eabi/6.3.1/thumb/v7e-m/fpv4-sp/hard/crtbegin.o

.preinit_array  0x080028e8        0x0
                0x080028e8                PROVIDE (__preinit_array_start, .)
 *(.preinit_array*)
                0x080028e8                PROVIDE (__preinit_array_end, .)

.init_array     0x080028e8        0x8
                0x080028e8                PROVIDE (__init_array_start, .)
 *(SORT(.init_array.*))
 *(.init_array*)
 .init_array    0x080028e8        0x4 d:/ac6/systemworkbench/plugins/fr.ac6.mcu.externaltools.arm-none.win32_1.15.0.201708311556/tools/compiler/bin/../lib/gcc/arm-none-eabi/6.3.1/thumb/v7e-m/fpv4-sp/hard/crtbegin.o
 .init_array    0x080028ec        0x4 Application/User/Game.o
                0x080028f0                PROVIDE (__init_array_end, .)

.fini_array     0x080028f0        0x4
                [!provide]                PROVIDE (__fini_array_start, .)
 *(SORT(.fini_array.*))
 *(.fini_array*)
 .fini_array    0x080028f0        0x4 d:/ac6/systemworkbench/plugins/fr.ac6.mcu.externaltools.arm-none.win32_1.15.0.201708311556/tools/compiler/bin/../lib/gcc/arm-none-eabi/6.3.1/thumb/v7e-m/fpv4-sp/hard/crtbegin.o
                [!provide]                PROVIDE (__fini_array_end, .)
                0x080028f4                _sidata = LOADADDR (.data)

.data           0x20000000       0xf0 load address 0x080028f4
                0x20000000                . = ALIGN (0x4)
                0x20000000                _sdata = .
 *(.data)
 .data          0x20000000       0xe1 Application/User/Player.o
                0x20000000                IShape90
                0x2000000c                IShape
                0x20000018                SShape90
                0x20000024                SShape
                0x20000030                ZShape90
                0x2000003c                ZShape
                0x20000048                TShape90
                0x20000054                TShape180
                0x20000060                TShape270
                0x2000006c                TShape
                0x20000078                LShape90
                0x20000084                LShape180
                0x20000090                LShape270
                0x2000009c                LShape
                0x200000a8                JShape90
                0x200000b4                JShape180
                0x200000c0                JShape270
                0x200000cc                JShape
                0x200000d8                OShape
 *fill*         0x200000e1        0x3 
 .data          0x200000e4        0x4 Drivers/CMSIS/system_stm32f4xx.o
                0x200000e4                SystemCoreClock
 .data          0x200000e8        0x8 Drivers/STM32F4xx_HAL_Driver/stm32f4xx_hal.o
                0x200000e8                uwTickFreq
                0x200000ec                uwTickPrio
 *(.data*)
                0x200000f0                . = ALIGN (0x4)
                0x200000f0                _edata = .
                0x080029e4                _siccmram = LOADADDR (.ccmram)

.jcr            0x200000f0        0x0 load address 0x080029e4
 .jcr           0x200000f0        0x0 d:/ac6/systemworkbench/plugins/fr.ac6.mcu.externaltools.arm-none.win32_1.15.0.201708311556/tools/compiler/bin/../lib/gcc/arm-none-eabi/6.3.1/thumb/v7e-m/fpv4-sp/hard/crtbegin.o

.igot.plt       0x200000f0        0x0 load address 0x080029e4
 .igot.plt      0x200000f0        0x0 d:/ac6/systemworkbench/plugins/fr.ac6.mcu.externaltools.arm-none.win32_1.15.0.201708311556/tools/compiler/bin/../lib/gcc/arm-none-eabi/6.3.1/thumb/v7e-m/fpv4-sp/hard/crtbegin.o

.ccmram         0x10000000        0x0 load address 0x080029e4
                0x10000000                . = ALIGN (0x4)
                0x10000000                _sccmram = .
 *(.ccmram)
 *(.ccmram*)
                0x10000000                . = ALIGN (0x4)
                0x10000000                _eccmram = .
                0x10000000                . = ALIGN (0x4)

.bss            0x200000f0       0xf4
                0x200000f0                _sbss = .
                0x200000f0                __bss_start__ = _sbss
 *(.bss)
 .bss           0x200000f0       0x1c d:/ac6/systemworkbench/plugins/fr.ac6.mcu.externaltools.arm-none.win32_1.15.0.201708311556/tools/compiler/bin/../lib/gcc/arm-none-eabi/6.3.1/thumb/v7e-m/fpv4-sp/hard/crtbegin.o
 .bss           0x2000010c       0x34 Application/User/Game.o
                0x2000010c                max
                0x20000110                display
                0x20000124                player
 *(.bss*)
 *(COMMON)
 COMMON         0x20000140       0xa0 Application/User/main.o
                0x20000140                htim10
                0x2000017c                hrng
                0x20000188                hspi1
 COMMON         0x200001e0        0x4 Drivers/STM32F4xx_HAL_Driver/stm32f4xx_hal.o
                0x200001e0                uwTick
                0x200001e4                . = ALIGN (0x4)
                0x200001e4                _ebss = .
                0x200001e4                __bss_end__ = _ebss

._user_heap_stack
                0x200001e4      0x604
                0x200001e8                . = ALIGN (0x8)
 *fill*         0x200001e4        0x4 
                [!provide]                PROVIDE (end, .)
                [!provide]                PROVIDE (_end, .)
                0x200003e8                . = (. + _Min_Heap_Size)
 *fill*         0x200001e8      0x200 
                0x200007e8                . = (. + _Min_Stack_Size)
 *fill*         0x200003e8      0x400 
                0x200007e8                . = ALIGN (0x8)

/DISCARD/
 libc.a(*)
 libm.a(*)
 libgcc.a(*)

.ARM.attributes
                0x00000000       0x30
 *(.ARM.attributes)
 .ARM.attributes
                0x00000000       0x22 d:/ac6/systemworkbench/plugins/fr.ac6.mcu.externaltools.arm-none.win32_1.15.0.201708311556/tools/compiler/bin/../lib/gcc/arm-none-eabi/6.3.1/thumb/v7e-m/fpv4-sp/hard/crti.o
 .ARM.attributes
                0x00000022       0x34 d:/ac6/systemworkbench/plugins/fr.ac6.mcu.externaltools.arm-none.win32_1.15.0.201708311556/tools/compiler/bin/../lib/gcc/arm-none-eabi/6.3.1/thumb/v7e-m/fpv4-sp/hard/crtbegin.o
 .ARM.attributes
                0x00000056       0x21 Application/SW4STM32/startup_stm32f407xx.o
 .ARM.attributes
                0x00000077       0x39 Application/User/Game.o
 .ARM.attributes
                0x000000b0       0x39 Application/User/Player.o
 .ARM.attributes
                0x000000e9       0x39 Application/User/main.o
 .ARM.attributes
                0x00000122       0x39 Application/User/stm32f4xx_hal_msp.o
 .ARM.attributes
                0x0000015b       0x39 Application/User/stm32f4xx_it.o
 .ARM.attributes
                0x00000194       0x39 Drivers/CMSIS/system_stm32f4xx.o
 .ARM.attributes
                0x000001cd       0x39 Drivers/STM32F4xx_HAL_Driver/stm32f4xx_hal.o
 .ARM.attributes
                0x00000206       0x39 Drivers/STM32F4xx_HAL_Driver/stm32f4xx_hal_cortex.o
 .ARM.attributes
                0x0000023f       0x39 Drivers/STM32F4xx_HAL_Driver/stm32f4xx_hal_gpio.o
 .ARM.attributes
                0x00000278       0x39 Drivers/STM32F4xx_HAL_Driver/stm32f4xx_hal_rcc.o
 .ARM.attributes
                0x000002b1       0x39 Drivers/STM32F4xx_HAL_Driver/stm32f4xx_hal_rng.o
 .ARM.attributes
                0x000002ea       0x39 Drivers/STM32F4xx_HAL_Driver/stm32f4xx_hal_spi.o
 .ARM.attributes
                0x00000323       0x39 Drivers/STM32F4xx_HAL_Driver/stm32f4xx_hal_tim.o
 .ARM.attributes
                0x0000035c       0x39 Drivers/STM32F4xx_HAL_Driver/stm32f4xx_hal_tim_ex.o
 .ARM.attributes
                0x00000395       0x22 d:/ac6/systemworkbench/plugins/fr.ac6.mcu.externaltools.arm-none.win32_1.15.0.201708311556/tools/compiler/bin/../lib/gcc/arm-none-eabi/6.3.1/thumb/v7e-m/fpv4-sp/hard\libgcc.a(_aeabi_uldivmod.o)
 .ARM.attributes
                0x000003b7       0x34 d:/ac6/systemworkbench/plugins/fr.ac6.mcu.externaltools.arm-none.win32_1.15.0.201708311556/tools/compiler/bin/../lib/gcc/arm-none-eabi/6.3.1/thumb/v7e-m/fpv4-sp/hard\libgcc.a(_udivmoddi4.o)
 .ARM.attributes
                0x000003eb       0x22 d:/ac6/systemworkbench/plugins/fr.ac6.mcu.externaltools.arm-none.win32_1.15.0.201708311556/tools/compiler/bin/../lib/gcc/arm-none-eabi/6.3.1/thumb/v7e-m/fpv4-sp/hard\libgcc.a(_dvmd_tls.o)
 .ARM.attributes
                0x0000040d       0x34 d:/ac6/systemworkbench/plugins/fr.ac6.mcu.externaltools.arm-none.win32_1.15.0.201708311556/tools/compiler/bin/../lib/gcc/arm-none-eabi/6.3.1/../../../../arm-none-eabi/lib/thumb/v7e-m/fpv4-sp/hard\libc_nano.a(lib_a-init.o)
 .ARM.attributes
                0x00000441       0x22 d:/ac6/systemworkbench/plugins/fr.ac6.mcu.externaltools.arm-none.win32_1.15.0.201708311556/tools/compiler/bin/../lib/gcc/arm-none-eabi/6.3.1/thumb/v7e-m/fpv4-sp/hard/crtn.o
OUTPUT(Wyswietlacz.elf elf32-littlearm)

.debug_line     0x00000000     0xabec
 .debug_line    0x00000000       0x93 Application/SW4STM32/startup_stm32f407xx.o
 .debug_line    0x00000093     0x10aa Application/User/Game.o
 .debug_line    0x0000113d     0x152e Application/User/Player.o
 .debug_line    0x0000266b      0x823 Application/User/main.o
 .debug_line    0x00002e8e      0x802 Application/User/stm32f4xx_hal_msp.o
 .debug_line    0x00003690      0x7b9 Application/User/stm32f4xx_it.o
 .debug_line    0x00003e49      0x7a7 Drivers/CMSIS/system_stm32f4xx.o
 .debug_line    0x000045f0      0x957 Drivers/STM32F4xx_HAL_Driver/stm32f4xx_hal.o
 .debug_line    0x00004f47      0x993 Drivers/STM32F4xx_HAL_Driver/stm32f4xx_hal_cortex.o
 .debug_line    0x000058da      0x907 Drivers/STM32F4xx_HAL_Driver/stm32f4xx_hal_gpio.o
 .debug_line    0x000061e1      0x9e3 Drivers/STM32F4xx_HAL_Driver/stm32f4xx_hal_rcc.o
 .debug_line    0x00006bc4      0x8ea Drivers/STM32F4xx_HAL_Driver/stm32f4xx_hal_rng.o
 .debug_line    0x000074ae     0x1163 Drivers/STM32F4xx_HAL_Driver/stm32f4xx_hal_spi.o
 .debug_line    0x00008611     0x18a8 Drivers/STM32F4xx_HAL_Driver/stm32f4xx_hal_tim.o
 .debug_line    0x00009eb9      0xd33 Drivers/STM32F4xx_HAL_Driver/stm32f4xx_hal_tim_ex.o

.debug_info     0x00000000    0x21ec6
 .debug_info    0x00000000       0x8a Application/SW4STM32/startup_stm32f407xx.o
 .debug_info    0x0000008a     0x7235 Application/User/Game.o
 .debug_info    0x000072bf     0x8e0b Application/User/Player.o
 .debug_info    0x000100ca     0x1c97 Application/User/main.o
 .debug_info    0x00011d61     0x18de Application/User/stm32f4xx_hal_msp.o
 .debug_info    0x0001363f      0xf1c Application/User/stm32f4xx_it.o
 .debug_info    0x0001455b      0xd30 Drivers/CMSIS/system_stm32f4xx.o
 .debug_info    0x0001528b     0x11dc Drivers/STM32F4xx_HAL_Driver/stm32f4xx_hal.o
 .debug_info    0x00016467     0x175a Drivers/STM32F4xx_HAL_Driver/stm32f4xx_hal_cortex.o
 .debug_info    0x00017bc1      0xf97 Drivers/STM32F4xx_HAL_Driver/stm32f4xx_hal_gpio.o
 .debug_info    0x00018b58     0x125f Drivers/STM32F4xx_HAL_Driver/stm32f4xx_hal_rcc.o
 .debug_info    0x00019db7      0xd5b Drivers/STM32F4xx_HAL_Driver/stm32f4xx_hal_rng.o
 .debug_info    0x0001ab12     0x220a Drivers/STM32F4xx_HAL_Driver/stm32f4xx_hal_spi.o
 .debug_info    0x0001cd1c     0x3684 Drivers/STM32F4xx_HAL_Driver/stm32f4xx_hal_tim.o
 .debug_info    0x000203a0     0x1b26 Drivers/STM32F4xx_HAL_Driver/stm32f4xx_hal_tim_ex.o

.debug_abbrev   0x00000000     0x33b3
 .debug_abbrev  0x00000000       0x12 Application/SW4STM32/startup_stm32f407xx.o
 .debug_abbrev  0x00000012      0x8b8 Application/User/Game.o
 .debug_abbrev  0x000008ca      0x962 Application/User/Player.o
 .debug_abbrev  0x0000122c      0x2cb Application/User/main.o
 .debug_abbrev  0x000014f7      0x279 Application/User/stm32f4xx_hal_msp.o
 .debug_abbrev  0x00001770      0x23a Application/User/stm32f4xx_it.o
 .debug_abbrev  0x000019aa      0x205 Drivers/CMSIS/system_stm32f4xx.o
 .debug_abbrev  0x00001baf      0x2e3 Drivers/STM32F4xx_HAL_Driver/stm32f4xx_hal.o
 .debug_abbrev  0x00001e92      0x3d4 Drivers/STM32F4xx_HAL_Driver/stm32f4xx_hal_cortex.o
 .debug_abbrev  0x00002266      0x2a5 Drivers/STM32F4xx_HAL_Driver/stm32f4xx_hal_gpio.o
 .debug_abbrev  0x0000250b      0x331 Drivers/STM32F4xx_HAL_Driver/stm32f4xx_hal_rcc.o
 .debug_abbrev  0x0000283c      0x2cf Drivers/STM32F4xx_HAL_Driver/stm32f4xx_hal_rng.o
 .debug_abbrev  0x00002b0b      0x2f0 Drivers/STM32F4xx_HAL_Driver/stm32f4xx_hal_spi.o
 .debug_abbrev  0x00002dfb      0x2dc Drivers/STM32F4xx_HAL_Driver/stm32f4xx_hal_tim.o
 .debug_abbrev  0x000030d7      0x2dc Drivers/STM32F4xx_HAL_Driver/stm32f4xx_hal_tim_ex.o

.debug_aranges  0x00000000      0xb68
 .debug_aranges
                0x00000000       0x28 Application/SW4STM32/startup_stm32f407xx.o
 .debug_aranges
                0x00000028       0x48 Application/User/Game.o
 .debug_aranges
                0x00000070       0xa0 Application/User/Player.o
 .debug_aranges
                0x00000110       0x50 Application/User/main.o
 .debug_aranges
                0x00000160       0x50 Application/User/stm32f4xx_hal_msp.o
 .debug_aranges
                0x000001b0       0x38 Application/User/stm32f4xx_it.o
 .debug_aranges
                0x000001e8       0x28 Drivers/CMSIS/system_stm32f4xx.o
 .debug_aranges
                0x00000210       0xe0 Drivers/STM32F4xx_HAL_Driver/stm32f4xx_hal.o
 .debug_aranges
                0x000002f0       0xa8 Drivers/STM32F4xx_HAL_Driver/stm32f4xx_hal_cortex.o
 .debug_aranges
                0x00000398       0x58 Drivers/STM32F4xx_HAL_Driver/stm32f4xx_hal_gpio.o
 .debug_aranges
                0x000003f0       0x88 Drivers/STM32F4xx_HAL_Driver/stm32f4xx_hal_rcc.o
 .debug_aranges
                0x00000478       0x80 Drivers/STM32F4xx_HAL_Driver/stm32f4xx_hal_rng.o
 .debug_aranges
                0x000004f8      0x1c8 Drivers/STM32F4xx_HAL_Driver/stm32f4xx_hal_spi.o
 .debug_aranges
                0x000006c0      0x368 Drivers/STM32F4xx_HAL_Driver/stm32f4xx_hal_tim.o
 .debug_aranges
                0x00000a28      0x140 Drivers/STM32F4xx_HAL_Driver/stm32f4xx_hal_tim_ex.o

.debug_ranges   0x00000000      0xc88
 .debug_ranges  0x00000000       0x20 Application/SW4STM32/startup_stm32f407xx.o
 .debug_ranges  0x00000020       0x50 Application/User/Game.o
 .debug_ranges  0x00000070      0x208 Application/User/Player.o
 .debug_ranges  0x00000278       0x40 Application/User/main.o
 .debug_ranges  0x000002b8       0x40 Application/User/stm32f4xx_hal_msp.o
 .debug_ranges  0x000002f8       0x28 Application/User/stm32f4xx_it.o
 .debug_ranges  0x00000320       0x18 Drivers/CMSIS/system_stm32f4xx.o
 .debug_ranges  0x00000338       0xd0 Drivers/STM32F4xx_HAL_Driver/stm32f4xx_hal.o
 .debug_ranges  0x00000408       0xf8 Drivers/STM32F4xx_HAL_Driver/stm32f4xx_hal_cortex.o
 .debug_ranges  0x00000500       0x48 Drivers/STM32F4xx_HAL_Driver/stm32f4xx_hal_gpio.o
 .debug_ranges  0x00000548       0x90 Drivers/STM32F4xx_HAL_Driver/stm32f4xx_hal_rcc.o
 .debug_ranges  0x000005d8       0x70 Drivers/STM32F4xx_HAL_Driver/stm32f4xx_hal_rng.o
 .debug_ranges  0x00000648      0x1b8 Drivers/STM32F4xx_HAL_Driver/stm32f4xx_hal_spi.o
 .debug_ranges  0x00000800      0x358 Drivers/STM32F4xx_HAL_Driver/stm32f4xx_hal_tim.o
 .debug_ranges  0x00000b58      0x130 Drivers/STM32F4xx_HAL_Driver/stm32f4xx_hal_tim_ex.o

.debug_loc      0x00000000     0x90f7
 .debug_loc     0x00000000      0x54a Application/User/Game.o
 .debug_loc     0x0000054a     0x1b74 Application/User/Player.o
 .debug_loc     0x000020be       0xb6 Application/User/stm32f4xx_hal_msp.o
 .debug_loc     0x00002174      0x13e Drivers/CMSIS/system_stm32f4xx.o
 .debug_loc     0x000022b2      0x108 Drivers/STM32F4xx_HAL_Driver/stm32f4xx_hal.o
 .debug_loc     0x000023ba      0x5ce Drivers/STM32F4xx_HAL_Driver/stm32f4xx_hal_cortex.o
 .debug_loc     0x00002988      0x3fd Drivers/STM32F4xx_HAL_Driver/stm32f4xx_hal_gpio.o
 .debug_loc     0x00002d85      0x3e6 Drivers/STM32F4xx_HAL_Driver/stm32f4xx_hal_rcc.o
 .debug_loc     0x0000316b      0x2d4 Drivers/STM32F4xx_HAL_Driver/stm32f4xx_hal_rng.o
 .debug_loc     0x0000343f     0x1984 Drivers/STM32F4xx_HAL_Driver/stm32f4xx_hal_spi.o
 .debug_loc     0x00004dc3     0x34bc Drivers/STM32F4xx_HAL_Driver/stm32f4xx_hal_tim.o
 .debug_loc     0x0000827f      0xe78 Drivers/STM32F4xx_HAL_Driver/stm32f4xx_hal_tim_ex.o

.debug_macro    0x00000000    0x250ca
 .debug_macro   0x00000000      0x6aa Application/User/Game.o
 .debug_macro   0x000006aa      0x98e Application/User/Game.o
 .debug_macro   0x00001038      0x143 Application/User/Game.o
 .debug_macro   0x0000117b       0x10 Application/User/Game.o
 .debug_macro   0x0000118b      0x3ca Application/User/Game.o
 .debug_macro   0x00001555       0x28 Application/User/Game.o
 .debug_macro   0x0000157d       0x3a Application/User/Game.o
 .debug_macro   0x000015b7       0x12 Application/User/Game.o
 .debug_macro   0x000015c9       0x1f Application/User/Game.o
 .debug_macro   0x000015e8       0x46 Application/User/Game.o
 .debug_macro   0x0000162e       0x1c Application/User/Game.o
 .debug_macro   0x0000164a       0x18 Application/User/Game.o
 .debug_macro   0x00001662       0x6e Application/User/Game.o
 .debug_macro   0x000016d0       0x1c Application/User/Game.o
 .debug_macro   0x000016ec       0x19 Application/User/Game.o
 .debug_macro   0x00001705       0x88 Application/User/Game.o
 .debug_macro   0x0000178d       0x19 Application/User/Game.o
 .debug_macro   0x000017a6       0x22 Application/User/Game.o
 .debug_macro   0x000017c8       0x52 Application/User/Game.o
 .debug_macro   0x0000181a       0x8d Application/User/Game.o
 .debug_macro   0x000018a7       0x35 Application/User/Game.o
 .debug_macro   0x000018dc       0x9c Application/User/Game.o
 .debug_macro   0x00001978      0x17b Application/User/Game.o
 .debug_macro   0x00001af3       0x57 Application/User/Game.o
 .debug_macro   0x00001b4a       0x58 Application/User/Game.o
 .debug_macro   0x00001ba2       0x1f Application/User/Game.o
 .debug_macro   0x00001bc1       0x43 Application/User/Game.o
 .debug_macro   0x00001c04       0x20 Application/User/Game.o
 .debug_macro   0x00001c24      0x187 Application/User/Game.o
 .debug_macro   0x00001dab       0x1c Application/User/Game.o
 .debug_macro   0x00001dc7       0x3c Application/User/Game.o
 .debug_macro   0x00001e03      0x353 Application/User/Game.o
 .debug_macro   0x00002156       0x10 Application/User/Game.o
 .debug_macro   0x00002166       0x1c Application/User/Game.o
 .debug_macro   0x00002182       0x33 Application/User/Game.o
 .debug_macro   0x000021b5      0x173 Application/User/Game.o
 .debug_macro   0x00002328       0x1c Application/User/Game.o
 .debug_macro   0x00002344       0xef Application/User/Game.o
 .debug_macro   0x00002433       0x6a Application/User/Game.o
 .debug_macro   0x0000249d      0x1d1 Application/User/Game.o
 .debug_macro   0x0000266e       0x17 Application/User/Game.o
 .debug_macro   0x00002685       0x35 Application/User/Game.o
 .debug_macro   0x000026ba       0x5e Application/User/Game.o
 .debug_macro   0x00002718       0x16 Application/User/Game.o
 .debug_macro   0x0000272e       0x4c Application/User/Game.o
 .debug_macro   0x0000277a       0x5e Application/User/Game.o
 .debug_macro   0x000027d8       0x11 Application/User/Game.o
 .debug_macro   0x000027e9       0x11 Application/User/Game.o
 .debug_macro   0x000027fa       0x2f Application/User/Game.o
 .debug_macro   0x00002829       0x16 Application/User/Game.o
 .debug_macro   0x0000283f       0x10 Application/User/Game.o
 .debug_macro   0x0000284f       0x10 Application/User/Game.o
 .debug_macro   0x0000285f       0x16 Application/User/Game.o
 .debug_macro   0x00002875       0x16 Application/User/Game.o
 .debug_macro   0x0000288b       0x29 Application/User/Game.o
 .debug_macro   0x000028b4       0xea Application/User/Game.o
 .debug_macro   0x0000299e       0x1c Application/User/Game.o
 .debug_macro   0x000029ba       0x10 Application/User/Game.o
 .debug_macro   0x000029ca       0x1c Application/User/Game.o
 .debug_macro   0x000029e6       0x52 Application/User/Game.o
 .debug_macro   0x00002a38       0x40 Application/User/Game.o
 .debug_macro   0x00002a78       0x10 Application/User/Game.o
 .debug_macro   0x00002a88       0x40 Application/User/Game.o
 .debug_macro   0x00002ac8       0xd7 Application/User/Game.o
 .debug_macro   0x00002b9f       0x16 Application/User/Game.o
 .debug_macro   0x00002bb5      0x184 Application/User/Game.o
 .debug_macro   0x00002d39      0x11d Application/User/Game.o
 .debug_macro   0x00002e56       0x10 Application/User/Game.o
 .debug_macro   0x00002e66      0x241 Application/User/Game.o
 .debug_macro   0x000030a7       0x11 Application/User/Game.o
 .debug_macro   0x000030b8       0xa6 Application/User/Game.o
 .debug_macro   0x0000315e      0x186 Application/User/Game.o
 .debug_macro   0x000032e4       0x32 Application/User/Game.o
 .debug_macro   0x00003316       0x2f Application/User/Game.o
 .debug_macro   0x00003345       0x3b Application/User/Game.o
 .debug_macro   0x00003380       0x50 Application/User/Game.o
 .debug_macro   0x000033d0      0xe66 Application/User/Game.o
 .debug_macro   0x00004236    0x15d08 Application/User/Game.o
 .debug_macro   0x00019f3e       0x43 Application/User/Game.o
 .debug_macro   0x00019f81     0x3535 Application/User/Game.o
 .debug_macro   0x0001d4b6       0x50 Application/User/Game.o
 .debug_macro   0x0001d506      0x96b Application/User/Game.o
 .debug_macro   0x0001de71      0xa02 Application/User/Game.o
 .debug_macro   0x0001e873      0x11e Application/User/Game.o
 .debug_macro   0x0001e991      0x13e Application/User/Game.o
 .debug_macro   0x0001eacf       0x27 Application/User/Game.o
 .debug_macro   0x0001eaf6      0x287 Application/User/Game.o
 .debug_macro   0x0001ed7d       0x5f Application/User/Game.o
 .debug_macro   0x0001eddc      0x23a Application/User/Game.o
 .debug_macro   0x0001f016      0x133 Application/User/Game.o
 .debug_macro   0x0001f149      0x21e Application/User/Game.o
 .debug_macro   0x0001f367       0x2e Application/User/Game.o
 .debug_macro   0x0001f395      0x11e Application/User/Game.o
 .debug_macro   0x0001f4b3       0x7f Application/User/Game.o
 .debug_macro   0x0001f532       0x89 Application/User/Game.o
 .debug_macro   0x0001f5bb       0x7d Application/User/Game.o
 .debug_macro   0x0001f638      0x202 Application/User/Game.o
 .debug_macro   0x0001f83a      0x6e0 Application/User/Game.o
 .debug_macro   0x0001ff1a       0x59 Application/User/Game.o
 .debug_macro   0x0001ff73      0x14d Application/User/Game.o
 .debug_macro   0x000200c0      0x134 Application/User/Game.o
 .debug_macro   0x000201f4      0x6aa Application/User/Player.o
 .debug_macro   0x0002089e      0x327 Application/User/main.o
 .debug_macro   0x00020bc5      0x8bc Application/User/main.o
 .debug_macro   0x00021481       0x87 Application/User/main.o
 .debug_macro   0x00021508       0x51 Application/User/main.o
 .debug_macro   0x00021559      0x1df Application/User/main.o
 .debug_macro   0x00021738       0x35 Application/User/main.o
 .debug_macro   0x0002176d      0xe66 Application/User/main.o
 .debug_macro   0x000225d3       0x58 Application/User/main.o
 .debug_macro   0x0002262b       0x9c Application/User/main.o
 .debug_macro   0x000226c7       0x16 Application/User/main.o
 .debug_macro   0x000226dd       0x97 Application/User/main.o
 .debug_macro   0x00022774      0x330 Application/User/main.o
 .debug_macro   0x00022aa4       0xfd Application/User/main.o
 .debug_macro   0x00022ba1       0x43 Application/User/main.o
 .debug_macro   0x00022be4      0x18b Application/User/main.o
 .debug_macro   0x00022d6f      0x323 Application/User/stm32f4xx_hal_msp.o
 .debug_macro   0x00023092      0x32d Application/User/stm32f4xx_it.o
 .debug_macro   0x000233bf      0x329 Drivers/CMSIS/system_stm32f4xx.o
 .debug_macro   0x000236e8      0x383 Drivers/STM32F4xx_HAL_Driver/stm32f4xx_hal.o
 .debug_macro   0x00023a6b      0x323 Drivers/STM32F4xx_HAL_Driver/stm32f4xx_hal_cortex.o
 .debug_macro   0x00023d8e      0x35b Drivers/STM32F4xx_HAL_Driver/stm32f4xx_hal_gpio.o
 .debug_macro   0x000240e9      0x347 Drivers/STM32F4xx_HAL_Driver/stm32f4xx_hal_rcc.o
 .debug_macro   0x00024430      0x329 Drivers/STM32F4xx_HAL_Driver/stm32f4xx_hal_rng.o
 .debug_macro   0x00024759      0x32b Drivers/STM32F4xx_HAL_Driver/stm32f4xx_hal_spi.o
 .debug_macro   0x00024a84      0x323 Drivers/STM32F4xx_HAL_Driver/stm32f4xx_hal_tim.o
 .debug_macro   0x00024da7      0x323 Drivers/STM32F4xx_HAL_Driver/stm32f4xx_hal_tim_ex.o

.debug_str      0x00000000    0xcd44b
 .debug_str     0x00000000    0xca132 Application/User/Game.o
                              0xcaabb (size before relaxing)
 .debug_str     0x000ca132      0x109 Application/User/Player.o
                              0xca776 (size before relaxing)
 .debug_str     0x000ca23b      0xb1e Application/User/main.o
                              0xc058c (size before relaxing)
 .debug_str     0x000cad59       0xfa Application/User/stm32f4xx_hal_msp.o
                              0xc03c8 (size before relaxing)
 .debug_str     0x000cae53       0xd9 Application/User/stm32f4xx_it.o
                              0xbfaad (size before relaxing)
 .debug_str     0x000caf2c       0xd2 Drivers/CMSIS/system_stm32f4xx.o
                              0xbf77a (size before relaxing)
 .debug_str     0x000caffe      0x57f Drivers/STM32F4xx_HAL_Driver/stm32f4xx_hal.o
                              0xc02e9 (size before relaxing)
 .debug_str     0x000cb57d      0x31f Drivers/STM32F4xx_HAL_Driver/stm32f4xx_hal_cortex.o
                              0xc002b (size before relaxing)
 .debug_str     0x000cb89c      0x197 Drivers/STM32F4xx_HAL_Driver/stm32f4xx_hal_gpio.o
                              0xbf9be (size before relaxing)
 .debug_str     0x000cba33      0x211 Drivers/STM32F4xx_HAL_Driver/stm32f4xx_hal_rcc.o
                              0xbfb88 (size before relaxing)
 .debug_str     0x000cbc44      0x15c Drivers/STM32F4xx_HAL_Driver/stm32f4xx_hal_rng.o
                              0xbf878 (size before relaxing)
 .debug_str     0x000cbda0      0x512 Drivers/STM32F4xx_HAL_Driver/stm32f4xx_hal_spi.o
                              0xbffa4 (size before relaxing)
 .debug_str     0x000cc2b2      0xc92 Drivers/STM32F4xx_HAL_Driver/stm32f4xx_hal_tim.o
                              0xc07c6 (size before relaxing)
 .debug_str     0x000ccf44      0x507 Drivers/STM32F4xx_HAL_Driver/stm32f4xx_hal_tim_ex.o
                              0xc0086 (size before relaxing)

.comment        0x00000000       0x7f
 .comment       0x00000000       0x7f Application/User/Game.o
                                 0x80 (size before relaxing)
 .comment       0x0000007f       0x80 Application/User/Player.o
 .comment       0x0000007f       0x80 Application/User/main.o
 .comment       0x0000007f       0x80 Application/User/stm32f4xx_hal_msp.o
 .comment       0x0000007f       0x80 Application/User/stm32f4xx_it.o
 .comment       0x0000007f       0x80 Drivers/CMSIS/system_stm32f4xx.o
 .comment       0x0000007f       0x80 Drivers/STM32F4xx_HAL_Driver/stm32f4xx_hal.o
 .comment       0x0000007f       0x80 Drivers/STM32F4xx_HAL_Driver/stm32f4xx_hal_cortex.o
 .comment       0x0000007f       0x80 Drivers/STM32F4xx_HAL_Driver/stm32f4xx_hal_gpio.o
 .comment       0x0000007f       0x80 Drivers/STM32F4xx_HAL_Driver/stm32f4xx_hal_rcc.o
 .comment       0x0000007f       0x80 Drivers/STM32F4xx_HAL_Driver/stm32f4xx_hal_rng.o
 .comment       0x0000007f       0x80 Drivers/STM32F4xx_HAL_Driver/stm32f4xx_hal_spi.o
 .comment       0x0000007f       0x80 Drivers/STM32F4xx_HAL_Driver/stm32f4xx_hal_tim.o
 .comment       0x0000007f       0x80 Drivers/STM32F4xx_HAL_Driver/stm32f4xx_hal_tim_ex.o

.debug_frame    0x00000000     0x1ec4
 .debug_frame   0x00000000       0x9c Application/User/Game.o
 .debug_frame   0x0000009c      0x234 Application/User/Player.o
 .debug_frame   0x000002d0       0xc4 Application/User/main.o
 .debug_frame   0x00000394       0xb8 Application/User/stm32f4xx_hal_msp.o
 .debug_frame   0x0000044c       0x70 Application/User/stm32f4xx_it.o
 .debug_frame   0x000004bc       0x30 Drivers/CMSIS/system_stm32f4xx.o
 .debug_frame   0x000004ec      0x1cc Drivers/STM32F4xx_HAL_Driver/stm32f4xx_hal.o
 .debug_frame   0x000006b8      0x15c Drivers/STM32F4xx_HAL_Driver/stm32f4xx_hal_cortex.o
 .debug_frame   0x00000814       0xd0 Drivers/STM32F4xx_HAL_Driver/stm32f4xx_hal_gpio.o
 .debug_frame   0x000008e4      0x174 Drivers/STM32F4xx_HAL_Driver/stm32f4xx_hal_rcc.o
 .debug_frame   0x00000a58      0x11c Drivers/STM32F4xx_HAL_Driver/stm32f4xx_hal_rng.o
 .debug_frame   0x00000b74      0x560 Drivers/STM32F4xx_HAL_Driver/stm32f4xx_hal_spi.o
 .debug_frame   0x000010d4      0x9e0 Drivers/STM32F4xx_HAL_Driver/stm32f4xx_hal_tim.o
 .debug_frame   0x00001ab4      0x384 Drivers/STM32F4xx_HAL_Driver/stm32f4xx_hal_tim_ex.o
 .debug_frame   0x00001e38       0x2c d:/ac6/systemworkbench/plugins/fr.ac6.mcu.externaltools.arm-none.win32_1.15.0.201708311556/tools/compiler/bin/../lib/gcc/arm-none-eabi/6.3.1/thumb/v7e-m/fpv4-sp/hard\libgcc.a(_aeabi_uldivmod.o)
 .debug_frame   0x00001e64       0x34 d:/ac6/systemworkbench/plugins/fr.ac6.mcu.externaltools.arm-none.win32_1.15.0.201708311556/tools/compiler/bin/../lib/gcc/arm-none-eabi/6.3.1/thumb/v7e-m/fpv4-sp/hard\libgcc.a(_udivmoddi4.o)
 .debug_frame   0x00001e98       0x2c d:/ac6/systemworkbench/plugins/fr.ac6.mcu.externaltools.arm-none.win32_1.15.0.201708311556/tools/compiler/bin/../lib/gcc/arm-none-eabi/6.3.1/../../../../arm-none-eabi/lib/thumb/v7e-m/fpv4-sp/hard\libc_nano.a(lib_a-init.o)
